// Jest Snapshot v1, https://goo.gl/fbAQLP

exports[`NQA Should Render As Snapshot 1`] = `
<form
  className="form-horizontal nextQuarterAccountabilities"
  noValidate={undefined}
  onReset={[Function]}
  onSubmit={[Function]}
>
  <div
    className="panel panel-primary"
  >
    <div
      className="panel-heading"
    >
      <h3
        className="panel-title"
      >
        Team 1 Team Leader*
      </h3>
    </div>
    <div
      className="panel-body"
    >
      <div
        className=" form-group"
      >
        <label
          className="col-md-2 control-label"
        >
          Choose From
        </label>
        <div
          className="col-md-8"
        >
          <div
            aria-label={undefined}
            className="btn-group"
            role="group"
          >
            <button
              className="btn btn-default active"
              onClick={[Function]}
              type="button"
            >
              Current Team Member
            </button>
            <button
              className="btn btn-default"
              onClick={[Function]}
              type="button"
            >
              Incoming T1/T2
            </button>
            <button
              className="btn btn-default"
              onClick={[Function]}
              type="button"
            >
              Other
            </button>
          </div>
        </div>
      </div>
      <div
        className=" form-group"
      >
        <label
          className="col-md-2 control-label"
        >
          Team Member
        </label>
        <div
          className="col-md-8"
        >
          <div>
            <div
              className="alert alert-info"
            >
              <span
                aria-hidden="true"
                className="glyphicon glyphicon-info-sign"
              />
              You must select 
              a team member
               below to proceed
            </div>
            <select
              name="submission.next_qtr_accountabilities.data.6.teamMember"
              value={789}
            >
              <option
                value=""
              >
                 
              </option>
              <option
                value={789}
              >
                TM1 TM1Last
              </option>
            </select>
          </div>
        </div>
      </div>
      <div
        className=" form-group"
      >
        <label
          className="col-md-2 control-label"
        >
          Email
        </label>
        <div
          className="col-md-8"
        >
          <input
            className="testing-control form-control nqEmail"
            name="submission.next_qtr_accountabilities.data.6.email"
            type="text"
            value={undefined}
          />
        </div>
      </div>
      <div
        className=" form-group"
      >
        <label
          className="col-md-2 control-label"
        >
          Phone
        </label>
        <div
          className="col-md-8"
        >
          <input
            className="testing-control form-control nqPhone"
            name="submission.next_qtr_accountabilities.data.6.phone"
            type="text"
            value={undefined}
          />
        </div>
      </div>
      <div
        className=" form-group"
      >
        <label
          className="col-md-2 control-label"
        >
          Notes
        </label>
        <div
          className="col-md-8"
        >
          <input
            className="testing-control form-control nqNotes"
            name="submission.next_qtr_accountabilities.data.6.notes"
            type="text"
            value={undefined}
          />
        </div>
      </div>
      <div
        className=" form-group"
      >
        <label
          className="col-md-2 control-label"
        >
          
        </label>
        <div
          className="col-md-8"
        >
          <button
            className="btn btn-primary"
            disabled={true}
            onClick={[Function]}
          >
            Save
          </button>
        </div>
      </div>
    </div>
  </div>
  <div
    className="panel panel-primary"
  >
    <div
      className="panel-heading"
    >
      <h3
        className="panel-title"
      >
        Team 2 Team Leader*
      </h3>
    </div>
    <div
      className="panel-body"
    >
      <div
        className=" form-group"
      >
        <label
          className="col-md-2 control-label"
        >
          Choose From
        </label>
        <div
          className="col-md-8"
        >
          <div
            aria-label={undefined}
            className="btn-group"
            role="group"
          >
            <button
              className="btn btn-default"
              onClick={[Function]}
              type="button"
            >
              Current Team Member
            </button>
            <button
              className="btn btn-default"
              onClick={[Function]}
              type="button"
            >
              Incoming T1/T2
            </button>
            <button
              className="btn btn-default"
              onClick={[Function]}
              type="button"
            >
              Other
            </button>
          </div>
        </div>
      </div>
      <div
        className=" form-group"
      >
        <label
          className="col-md-2 control-label"
        >
          Person
        </label>
        <div
          className="col-md-8"
        >
          <div />
        </div>
      </div>
      <div
        className=" form-group"
      >
        <label
          className="col-md-2 control-label"
        >
          Email
        </label>
        <div
          className="col-md-8"
        >
          <input
            className="testing-control form-control nqEmail"
            name="submission.next_qtr_accountabilities.data.7.email"
            type="text"
            value={undefined}
          />
        </div>
      </div>
      <div
        className=" form-group"
      >
        <label
          className="col-md-2 control-label"
        >
          Phone
        </label>
        <div
          className="col-md-8"
        >
          <input
            className="testing-control form-control nqPhone"
            name="submission.next_qtr_accountabilities.data.7.phone"
            type="text"
            value={undefined}
          />
        </div>
      </div>
      <div
        className=" form-group"
      >
        <label
          className="col-md-2 control-label"
        >
          Notes
        </label>
        <div
          className="col-md-8"
        >
          <input
            className="testing-control form-control nqNotes"
            name="submission.next_qtr_accountabilities.data.7.notes"
            type="text"
            value={undefined}
          />
        </div>
      </div>
      <div
        className=" form-group"
      >
        <label
          className="col-md-2 control-label"
        >
          
        </label>
        <div
          className="col-md-8"
        >
          <button
            className="btn btn-primary"
            disabled={true}
            onClick={[Function]}
          >
            Save
          </button>
        </div>
      </div>
    </div>
  </div>
  <div
    className="panel panel-primary"
  >
    <div
      className="panel-heading"
    >
      <h3
        className="panel-title"
      >
        Statistician*
      </h3>
    </div>
    <div
      className="panel-body"
    >
      <div
        className=" form-group"
      >
        <label
          className="col-md-2 control-label"
        >
          Choose From
        </label>
        <div
          className="col-md-8"
        >
          <div
            aria-label={undefined}
            className="btn-group"
            role="group"
          >
            <button
              className="btn btn-default"
              onClick={[Function]}
              type="button"
            >
              Current Team Member
            </button>
            <button
              className="btn btn-default active"
              onClick={[Function]}
              type="button"
            >
              Incoming T1/T2
            </button>
            <button
              className="btn btn-default"
              onClick={[Function]}
              type="button"
            >
              Other
            </button>
          </div>
        </div>
      </div>
      <div
        className=" form-group"
      >
        <label
          className="col-md-2 control-label"
        >
          Incoming T1/T2
        </label>
        <div
          className="col-md-8"
        >
          <div>
            <div
              className="alert alert-info"
            >
              <span
                aria-hidden="true"
                className="glyphicon glyphicon-info-sign"
              />
              You must select 
              an application
               below to proceed
            </div>
            <select
              name="submission.next_qtr_accountabilities.data.4.application"
              value={123}
            >
              <option
                value=""
              >
                 
              </option>
              <option
                value={123}
              >
                Person1 Person1Last
              </option>
            </select>
          </div>
        </div>
      </div>
      <div
        className=" form-group"
      >
        <label
          className="col-md-2 control-label"
        >
          Email
        </label>
        <div
          className="col-md-8"
        >
          <input
            className="testing-control form-control nqEmail"
            name="submission.next_qtr_accountabilities.data.4.email"
            type="text"
            value={undefined}
          />
        </div>
      </div>
      <div
        className=" form-group"
      >
        <label
          className="col-md-2 control-label"
        >
          Phone
        </label>
        <div
          className="col-md-8"
        >
          <input
            className="testing-control form-control nqPhone"
            name="submission.next_qtr_accountabilities.data.4.phone"
            type="text"
            value={undefined}
          />
        </div>
      </div>
      <div
        className=" form-group"
      >
        <label
          className="col-md-2 control-label"
        >
          Notes
        </label>
        <div
          className="col-md-8"
        >
          <input
            className="testing-control form-control nqNotes"
            name="submission.next_qtr_accountabilities.data.4.notes"
            type="text"
            value={undefined}
          />
        </div>
      </div>
      <div
        className=" form-group"
      >
        <label
          className="col-md-2 control-label"
        >
          
        </label>
        <div
          className="col-md-8"
        >
          <button
            className="btn btn-primary"
            disabled={true}
            onClick={[Function]}
          >
            Save
          </button>
        </div>
      </div>
    </div>
  </div>
  <div
    className="panel panel-primary"
  >
    <div
      className="panel-heading"
    >
      <h3
        className="panel-title"
      >
        Logistics*
      </h3>
    </div>
    <div
      className="panel-body"
    >
      <div
        className=" form-group"
      >
        <label
          className="col-md-2 control-label"
        >
          Choose From
        </label>
        <div
          className="col-md-8"
        >
          <div
            aria-label={undefined}
            className="btn-group"
            role="group"
          >
            <button
              className="btn btn-default"
              onClick={[Function]}
              type="button"
            >
              Current Team Member
            </button>
            <button
              className="btn btn-default"
              onClick={[Function]}
              type="button"
            >
              Incoming T1/T2
            </button>
            <button
              className="btn btn-default"
              onClick={[Function]}
              type="button"
            >
              Other
            </button>
          </div>
        </div>
      </div>
      <div
        className=" form-group"
      >
        <label
          className="col-md-2 control-label"
        >
          Person
        </label>
        <div
          className="col-md-8"
        >
          <div />
        </div>
      </div>
      <div
        className=" form-group"
      >
        <label
          className="col-md-2 control-label"
        >
          Email
        </label>
        <div
          className="col-md-8"
        >
          <input
            className="testing-control form-control nqEmail"
            name="submission.next_qtr_accountabilities.data.17.email"
            type="text"
            value={undefined}
          />
        </div>
      </div>
      <div
        className=" form-group"
      >
        <label
          className="col-md-2 control-label"
        >
          Phone
        </label>
        <div
          className="col-md-8"
        >
          <input
            className="testing-control form-control nqPhone"
            name="submission.next_qtr_accountabilities.data.17.phone"
            type="text"
            value={undefined}
          />
        </div>
      </div>
      <div
        className=" form-group"
      >
        <label
          className="col-md-2 control-label"
        >
          Notes
        </label>
        <div
          className="col-md-8"
        >
          <input
            className="testing-control form-control nqNotes"
            name="submission.next_qtr_accountabilities.data.17.notes"
            type="text"
            value={undefined}
          />
        </div>
      </div>
      <div
        className=" form-group"
      >
        <label
          className="col-md-2 control-label"
        >
          
        </label>
        <div
          className="col-md-8"
        >
          <button
            className="btn btn-primary"
            disabled={true}
            onClick={[Function]}
          >
            Save
          </button>
        </div>
      </div>
    </div>
  </div>
  <div
    className="panel panel-default"
  >
    <div
      className="panel-heading"
    >
      <h3
        className="panel-title"
      >
        Statistician In Training
      </h3>
    </div>
    <div
      className="panel-body"
    >
      <div
        className=" form-group"
      >
        <label
          className="col-md-2 control-label"
        >
          Choose From
        </label>
        <div
          className="col-md-8"
        >
          <div
            aria-label={undefined}
            className="btn-group"
            role="group"
          >
            <button
              className="btn btn-default"
              onClick={[Function]}
              type="button"
            >
              Current Team Member
            </button>
            <button
              className="btn btn-default"
              onClick={[Function]}
              type="button"
            >
              Incoming T1/T2
            </button>
            <button
              className="btn btn-default active"
              onClick={[Function]}
              type="button"
            >
              Other
            </button>
          </div>
        </div>
      </div>
      <div
        className=" form-group"
      >
        <label
          className="col-md-2 control-label"
        >
          Other
        </label>
        <div
          className="col-md-8"
        >
          <div>
            <div
              className="alert alert-info"
            >
              <span
                aria-hidden="true"
                className="glyphicon glyphicon-info-sign"
              />
              "Other" is only used in special situations, if the person who will be this accountability is someone not currently incoming or on this team.
            </div>
            <input
              className="testing-control form-control"
              name="submission.next_qtr_accountabilities.data.5.name"
              type="text"
              value="Person Name"
            />
          </div>
        </div>
      </div>
      <div
        className=" form-group"
      >
        <label
          className="col-md-2 control-label"
        >
          Email
        </label>
        <div
          className="col-md-8"
        >
          <input
            className="testing-control form-control nqEmail"
            name="submission.next_qtr_accountabilities.data.5.email"
            type="text"
            value="Person@email.com"
          />
        </div>
      </div>
      <div
        className=" form-group"
      >
        <label
          className="col-md-2 control-label"
        >
          Phone
        </label>
        <div
          className="col-md-8"
        >
          <input
            className="testing-control form-control nqPhone"
            name="submission.next_qtr_accountabilities.data.5.phone"
            type="text"
            value="111-222-3333"
          />
        </div>
      </div>
      <div
        className=" form-group"
      >
        <label
          className="col-md-2 control-label"
        >
          Notes
        </label>
        <div
          className="col-md-8"
        >
          <input
            className="testing-control form-control nqNotes"
            name="submission.next_qtr_accountabilities.data.5.notes"
            type="text"
            value={undefined}
          />
        </div>
      </div>
      <div
        className=" form-group"
      >
        <label
          className="col-md-2 control-label"
        >
          
        </label>
        <div
          className="col-md-8"
        >
          <button
            className="btn btn-primary"
            disabled={true}
            onClick={[Function]}
          >
            Save
          </button>
        </div>
      </div>
    </div>
  </div>
  <div
    className="panel panel-default"
  >
    <div
      className="panel-heading"
    >
      <h3
        className="panel-title"
      >
        Access to Power
      </h3>
    </div>
    <div
      className="panel-body"
    >
      <div
        className=" form-group"
      >
        <label
          className="col-md-2 control-label"
        >
          Choose From
        </label>
        <div
          className="col-md-8"
        >
          <div
            aria-label={undefined}
            className="btn-group"
            role="group"
          >
            <button
              className="btn btn-default"
              onClick={[Function]}
              type="button"
            >
              Current Team Member
            </button>
            <button
              className="btn btn-default"
              onClick={[Function]}
              type="button"
            >
              Incoming T1/T2
            </button>
            <button
              className="btn btn-default"
              onClick={[Function]}
              type="button"
            >
              Other
            </button>
          </div>
        </div>
      </div>
      <div
        className=" form-group"
      >
        <label
          className="col-md-2 control-label"
        >
          Person
        </label>
        <div
          className="col-md-8"
        >
          <div />
        </div>
      </div>
      <div
        className=" form-group"
      >
        <label
          className="col-md-2 control-label"
        >
          Email
        </label>
        <div
          className="col-md-8"
        >
          <input
            className="testing-control form-control nqEmail"
            name="submission.next_qtr_accountabilities.data.11.email"
            type="text"
            value={undefined}
          />
        </div>
      </div>
      <div
        className=" form-group"
      >
        <label
          className="col-md-2 control-label"
        >
          Phone
        </label>
        <div
          className="col-md-8"
        >
          <input
            className="testing-control form-control nqPhone"
            name="submission.next_qtr_accountabilities.data.11.phone"
            type="text"
            value={undefined}
          />
        </div>
      </div>
      <div
        className=" form-group"
      >
        <label
          className="col-md-2 control-label"
        >
          Notes
        </label>
        <div
          className="col-md-8"
        >
          <input
            className="testing-control form-control nqNotes"
            name="submission.next_qtr_accountabilities.data.11.notes"
            type="text"
            value={undefined}
          />
        </div>
      </div>
      <div
        className=" form-group"
      >
        <label
          className="col-md-2 control-label"
        >
          
        </label>
        <div
          className="col-md-8"
        >
          <button
            className="btn btn-primary"
            disabled={true}
            onClick={[Function]}
          >
            Save
          </button>
        </div>
      </div>
    </div>
  </div>
  <div
    className="panel panel-default"
  >
    <div
      className="panel-heading"
    >
      <h3
        className="panel-title"
      >
        Power to Create
      </h3>
    </div>
    <div
      className="panel-body"
    >
      <div
        className=" form-group"
      >
        <label
          className="col-md-2 control-label"
        >
          Choose From
        </label>
        <div
          className="col-md-8"
        >
          <div
            aria-label={undefined}
            className="btn-group"
            role="group"
          >
            <button
              className="btn btn-default"
              onClick={[Function]}
              type="button"
            >
              Current Team Member
            </button>
            <button
              className="btn btn-default"
              onClick={[Function]}
              type="button"
            >
              Incoming T1/T2
            </button>
            <button
              className="btn btn-default"
              onClick={[Function]}
              type="button"
            >
              Other
            </button>
          </div>
        </div>
      </div>
      <div
        className=" form-group"
      >
        <label
          className="col-md-2 control-label"
        >
          Person
        </label>
        <div
          className="col-md-8"
        >
          <div />
        </div>
      </div>
      <div
        className=" form-group"
      >
        <label
          className="col-md-2 control-label"
        >
          Email
        </label>
        <div
          className="col-md-8"
        >
          <input
            className="testing-control form-control nqEmail"
            name="submission.next_qtr_accountabilities.data.12.email"
            type="text"
            value={undefined}
          />
        </div>
      </div>
      <div
        className=" form-group"
      >
        <label
          className="col-md-2 control-label"
        >
          Phone
        </label>
        <div
          className="col-md-8"
        >
          <input
            className="testing-control form-control nqPhone"
            name="submission.next_qtr_accountabilities.data.12.phone"
            type="text"
            value={undefined}
          />
        </div>
      </div>
      <div
        className=" form-group"
      >
        <label
          className="col-md-2 control-label"
        >
          Notes
        </label>
        <div
          className="col-md-8"
        >
          <input
            className="testing-control form-control nqNotes"
            name="submission.next_qtr_accountabilities.data.12.notes"
            type="text"
            value={undefined}
          />
        </div>
      </div>
      <div
        className=" form-group"
      >
        <label
          className="col-md-2 control-label"
        >
          
        </label>
        <div
          className="col-md-8"
        >
          <button
            className="btn btn-primary"
            disabled={true}
            onClick={[Function]}
          >
            Save
          </button>
        </div>
      </div>
    </div>
  </div>
  <div
    className="panel panel-default"
  >
    <div
      className="panel-heading"
    >
      <h3
        className="panel-title"
      >
        Game in the World
      </h3>
    </div>
    <div
      className="panel-body"
    >
      <div
        className=" form-group"
      >
        <label
          className="col-md-2 control-label"
        >
          Choose From
        </label>
        <div
          className="col-md-8"
        >
          <div
            aria-label={undefined}
            className="btn-group"
            role="group"
          >
            <button
              className="btn btn-default"
              onClick={[Function]}
              type="button"
            >
              Current Team Member
            </button>
            <button
              className="btn btn-default"
              onClick={[Function]}
              type="button"
            >
              Incoming T1/T2
            </button>
            <button
              className="btn btn-default"
              onClick={[Function]}
              type="button"
            >
              Other
            </button>
          </div>
        </div>
      </div>
      <div
        className=" form-group"
      >
        <label
          className="col-md-2 control-label"
        >
          Person
        </label>
        <div
          className="col-md-8"
        >
          <div />
        </div>
      </div>
      <div
        className=" form-group"
      >
        <label
          className="col-md-2 control-label"
        >
          Email
        </label>
        <div
          className="col-md-8"
        >
          <input
            className="testing-control form-control nqEmail"
            name="submission.next_qtr_accountabilities.data.15.email"
            type="text"
            value={undefined}
          />
        </div>
      </div>
      <div
        className=" form-group"
      >
        <label
          className="col-md-2 control-label"
        >
          Phone
        </label>
        <div
          className="col-md-8"
        >
          <input
            className="testing-control form-control nqPhone"
            name="submission.next_qtr_accountabilities.data.15.phone"
            type="text"
            value={undefined}
          />
        </div>
      </div>
      <div
        className=" form-group"
      >
        <label
          className="col-md-2 control-label"
        >
          Notes
        </label>
        <div
          className="col-md-8"
        >
          <input
            className="testing-control form-control nqNotes"
            name="submission.next_qtr_accountabilities.data.15.notes"
            type="text"
            value={undefined}
          />
        </div>
      </div>
      <div
        className=" form-group"
      >
        <label
          className="col-md-2 control-label"
        >
          
        </label>
        <div
          className="col-md-8"
        >
          <button
            className="btn btn-primary"
            disabled={true}
            onClick={[Function]}
          >
            Save
          </button>
        </div>
      </div>
    </div>
  </div>
  <div
    className="panel panel-default"
  >
    <div
      className="panel-heading"
    >
      <h3
        className="panel-title"
      >
        Landmark Forum
      </h3>
    </div>
    <div
      className="panel-body"
    >
      <div
        className=" form-group"
      >
        <label
          className="col-md-2 control-label"
        >
          Choose From
        </label>
        <div
          className="col-md-8"
        >
          <div
            aria-label={undefined}
            className="btn-group"
            role="group"
          >
            <button
              className="btn btn-default"
              onClick={[Function]}
              type="button"
            >
              Current Team Member
            </button>
            <button
              className="btn btn-default"
              onClick={[Function]}
              type="button"
            >
              Incoming T1/T2
            </button>
            <button
              className="btn btn-default"
              onClick={[Function]}
              type="button"
            >
              Other
            </button>
          </div>
        </div>
      </div>
      <div
        className=" form-group"
      >
        <label
          className="col-md-2 control-label"
        >
          Person
        </label>
        <div
          className="col-md-8"
        >
          <div />
        </div>
      </div>
      <div
        className=" form-group"
      >
        <label
          className="col-md-2 control-label"
        >
          Email
        </label>
        <div
          className="col-md-8"
        >
          <input
            className="testing-control form-control nqEmail"
            name="submission.next_qtr_accountabilities.data.16.email"
            type="text"
            value={undefined}
          />
        </div>
      </div>
      <div
        className=" form-group"
      >
        <label
          className="col-md-2 control-label"
        >
          Phone
        </label>
        <div
          className="col-md-8"
        >
          <input
            className="testing-control form-control nqPhone"
            name="submission.next_qtr_accountabilities.data.16.phone"
            type="text"
            value={undefined}
          />
        </div>
      </div>
      <div
        className=" form-group"
      >
        <label
          className="col-md-2 control-label"
        >
          Notes
        </label>
        <div
          className="col-md-8"
        >
          <input
            className="testing-control form-control nqNotes"
            name="submission.next_qtr_accountabilities.data.16.notes"
            type="text"
            value={undefined}
          />
        </div>
      </div>
      <div
        className=" form-group"
      >
        <label
          className="col-md-2 control-label"
        >
          
        </label>
        <div
          className="col-md-8"
        >
          <button
            className="btn btn-primary"
            disabled={true}
            onClick={[Function]}
          >
            Save
          </button>
        </div>
      </div>
    </div>
  </div>
  <div
    className="panel panel-default"
  >
    <div
      className="panel-heading"
    >
      <h3
        className="panel-title"
      >
        T1 Expansion
      </h3>
    </div>
    <div
      className="panel-body"
    >
      <div
        className=" form-group"
      >
        <label
          className="col-md-2 control-label"
        >
          Choose From
        </label>
        <div
          className="col-md-8"
        >
          <div
            aria-label={undefined}
            className="btn-group"
            role="group"
          >
            <button
              className="btn btn-default"
              onClick={[Function]}
              type="button"
            >
              Current Team Member
            </button>
            <button
              className="btn btn-default"
              onClick={[Function]}
              type="button"
            >
              Incoming T1/T2
            </button>
            <button
              className="btn btn-default"
              onClick={[Function]}
              type="button"
            >
              Other
            </button>
          </div>
        </div>
      </div>
      <div
        className=" form-group"
      >
        <label
          className="col-md-2 control-label"
        >
          Person
        </label>
        <div
          className="col-md-8"
        >
          <div />
        </div>
      </div>
      <div
        className=" form-group"
      >
        <label
          className="col-md-2 control-label"
        >
          Email
        </label>
        <div
          className="col-md-8"
        >
          <input
            className="testing-control form-control nqEmail"
            name="submission.next_qtr_accountabilities.data.13.email"
            type="text"
            value={undefined}
          />
        </div>
      </div>
      <div
        className=" form-group"
      >
        <label
          className="col-md-2 control-label"
        >
          Phone
        </label>
        <div
          className="col-md-8"
        >
          <input
            className="testing-control form-control nqPhone"
            name="submission.next_qtr_accountabilities.data.13.phone"
            type="text"
            value={undefined}
          />
        </div>
      </div>
      <div
        className=" form-group"
      >
        <label
          className="col-md-2 control-label"
        >
          Notes
        </label>
        <div
          className="col-md-8"
        >
          <input
            className="testing-control form-control nqNotes"
            name="submission.next_qtr_accountabilities.data.13.notes"
            type="text"
            value={undefined}
          />
        </div>
      </div>
      <div
        className=" form-group"
      >
        <label
          className="col-md-2 control-label"
        >
          
        </label>
        <div
          className="col-md-8"
        >
          <button
            className="btn btn-primary"
            disabled={true}
            onClick={[Function]}
          >
            Save
          </button>
        </div>
      </div>
    </div>
  </div>
  <div
    className="panel panel-default"
  >
    <div
      className="panel-heading"
    >
      <h3
        className="panel-title"
      >
        T2 Expansion
      </h3>
    </div>
    <div
      className="panel-body"
    >
      <div
        className=" form-group"
      >
        <label
          className="col-md-2 control-label"
        >
          Choose From
        </label>
        <div
          className="col-md-8"
        >
          <div
            aria-label={undefined}
            className="btn-group"
            role="group"
          >
            <button
              className="btn btn-default"
              onClick={[Function]}
              type="button"
            >
              Current Team Member
            </button>
            <button
              className="btn btn-default"
              onClick={[Function]}
              type="button"
            >
              Incoming T1/T2
            </button>
            <button
              className="btn btn-default"
              onClick={[Function]}
              type="button"
            >
              Other
            </button>
          </div>
        </div>
      </div>
      <div
        className=" form-group"
      >
        <label
          className="col-md-2 control-label"
        >
          Person
        </label>
        <div
          className="col-md-8"
        >
          <div />
        </div>
      </div>
      <div
        className=" form-group"
      >
        <label
          className="col-md-2 control-label"
        >
          Email
        </label>
        <div
          className="col-md-8"
        >
          <input
            className="testing-control form-control nqEmail"
            name="submission.next_qtr_accountabilities.data.14.email"
            type="text"
            value={undefined}
          />
        </div>
      </div>
      <div
        className=" form-group"
      >
        <label
          className="col-md-2 control-label"
        >
          Phone
        </label>
        <div
          className="col-md-8"
        >
          <input
            className="testing-control form-control nqPhone"
            name="submission.next_qtr_accountabilities.data.14.phone"
            type="text"
            value={undefined}
          />
        </div>
      </div>
      <div
        className=" form-group"
      >
        <label
          className="col-md-2 control-label"
        >
          Notes
        </label>
        <div
          className="col-md-8"
        >
          <input
            className="testing-control form-control nqNotes"
            name="submission.next_qtr_accountabilities.data.14.notes"
            type="text"
            value={undefined}
          />
        </div>
      </div>
      <div
        className=" form-group"
      >
        <label
          className="col-md-2 control-label"
        >
          
        </label>
        <div
          className="col-md-8"
        >
          <button
            className="btn btn-primary"
            disabled={true}
            onClick={[Function]}
          >
            Save
          </button>
        </div>
      </div>
    </div>
  </div>
</form>
`;

exports[`NQA Should display loading screen 1`] = `
<div>
  <h3>
    Next Quarter Accountabilities
  </h3>
  <div
    className="alert alert-info"
  >
    <span
      aria-hidden="true"
      className="glyphicon glyphicon-info-sign"
    />
    After classroom 3: teams 
    <b>
      must
    </b>
     fill out the following 4 accountabilities for the upcoming quarter: Team 1 Team Leader, Team 2 Team Leader, Statistician, Logistics.
    <br />
    We request you fill out other accountabilities as soon as you know them; this greatly helps the weekend teams with setting up the accountability clinics.
  </div>
  <div>
    Loading
  </div>
</div>
`;
